
> hostello@0.1.0 build
> prisma generate && next build

Prisma schema loaded from prisma\schema.prisma

Γ£ö Generated Prisma Client (v5.22.0) to .\node_modules\@prisma\client in 411ms

Start by importing your Prisma Client (See: https://pris.ly/d/importing-client)

Tip: Want to turn off tips and other hints? https://pris.ly/tip-4-nohints

   Γû▓ Next.js 15.5.15
   - Environments: .env.production.local, .env.local

   Creating an optimized production build ...
 Γ£ô Compiled successfully in 7.5s
   Skipping linting
   Checking validity of types ...
   Collecting page data ...
   Generating static pages (0/47) ...
node.exe :  ΓÜá Unsupported metadata viewport is configured in metadata export in /search. Please move it to viewport export instead.
At line:1 char:1
+ & "C:\Program Files\nodejs/node.exe" "C:\Users\Abdul Basit\AppData\Ro ...
+ ~~~~~~~~~~~~~~~~~~~~~~~~~~~~~~~~~~~~~~~~~~~~~~~~~~~~~~~~~~~~~~~~~~~~~
    + CategoryInfo          : NotSpecified: ( ΓÜá Unsupporte...export instead.:String) [], RemoteException
    + FullyQualifiedErrorId : NativeCommandError
 
Read more: https://nextjs.org/docs/app/api-reference/functions/generate-viewport
 ΓÜá Unsupported metadata viewport is configured in metadata export in /forgot-password. Please move it to viewport export instead.
Read more: https://nextjs.org/docs/app/api-reference/functions/generate-viewport
 ΓÜá Unsupported metadata viewport is configured in metadata export in /login. Please move it to viewport export instead.
Read more: https://nextjs.org/docs/app/api-reference/functions/generate-viewport
 ΓÜá Unsupported metadata viewport is configured in metadata export in /_not-found. Please move it to viewport export instead.
Read more: https://nextjs.org/docs/app/api-reference/functions/generate-viewport
 ΓÜá Unsupported metadata viewport is configured in metadata export in /reset-password. Please move it to viewport export instead.
Read more: https://nextjs.org/docs/app/api-reference/functions/generate-viewport
 ΓÜá Unsupported metadata viewport is configured in metadata export in /dashboard/listings/new. Please move it to viewport export instead.
Read more: https://nextjs.org/docs/app/api-reference/functions/generate-viewport
 ΓÜá Unsupported metadata viewport is configured in metadata export in /checkout. Please move it to viewport export instead.
Read more: https://nextjs.org/docs/app/api-reference/functions/generate-viewport
 ΓÜá Unsupported metadata viewport is configured in metadata export in /dashboard/messages. Please move it to viewport export instead.
Read more: https://nextjs.org/docs/app/api-reference/functions/generate-viewport
 ΓÜá Unsupported metadata viewport is configured in metadata export in /signup. Please move it to viewport export instead.
Read more: https://nextjs.org/docs/app/api-reference/functions/generate-viewport
 ΓÜá Unsupported metadata viewport is configured in metadata export in /. Please move it to viewport export instead.
Read more: https://nextjs.org/docs/app/api-reference/functions/generate-viewport
 ΓÜá Unsupported metadata viewport is configured in metadata export in /dashboard. Please move it to viewport export instead.
Read more: https://nextjs.org/docs/app/api-reference/functions/generate-viewport
   Generating static pages (11/47) 
 ΓÜá Unsupported metadata viewport is configured in metadata export in /admin/hostels. Please move it to viewport export instead.
Read more: https://nextjs.org/docs/app/api-reference/functions/generate-viewport
 ΓÜá Unsupported metadata viewport is configured in metadata export in /admin. Please move it to viewport export instead.
Read more: https://nextjs.org/docs/app/api-reference/functions/generate-viewport
 ΓÜá Unsupported metadata viewport is configured in metadata export in /admin/users. Please move it to viewport export instead.
Read more: https://nextjs.org/docs/app/api-reference/functions/generate-viewport
 ΓÜá Unsupported metadata viewport is configured in metadata export in /dashboard/analytics. Please move it to viewport export instead.
Read more: https://nextjs.org/docs/app/api-reference/functions/generate-viewport
 ΓÜá Unsupported metadata viewport is configured in metadata export in /admin/bookings. Please move it to viewport export instead.
Read more: https://nextjs.org/docs/app/api-reference/functions/generate-viewport
 ΓÜá Unsupported metadata viewport is configured in metadata export in /dashboard/listings. Please move it to viewport export instead.
Read more: https://nextjs.org/docs/app/api-reference/functions/generate-viewport
 ΓÜá Unsupported metadata viewport is configured in metadata export in /dashboard/bookings. Please move it to viewport export instead.
Read more: https://nextjs.org/docs/app/api-reference/functions/generate-viewport
   Generating static pages (23/47) 
   Generating static pages (35/47) 
 Γ£ô Generating static pages (47/47)
   Finalizing page optimization ...
   Collecting build traces ...

Route (app)                                 Size  First Load JS  Revalidate  Expire
Γöî Γùï /                                    6.29 kB         112 kB
Γö£ Γùï /_not-found                            230 B         103 kB
Γö£ ╞Æ /admin                                 630 B         106 kB
Γö£ ╞Æ /admin/bookings                        703 B         103 kB
Γö£ ╞Æ /admin/hostels                         607 B         106 kB
Γö£ ╞Æ /admin/users                           672 B         103 kB
Γö£ ╞Æ /api/admin/hostels                     230 B         103 kB
Γö£ ╞Æ /api/admin/search/sync                 230 B         103 kB
Γö£ ╞Æ /api/auth/[...nextauth]                230 B         103 kB
Γö£ ╞Æ /api/auth/delete-account               230 B         103 kB
Γö£ ╞Æ /api/auth/forgot-password              230 B         103 kB
Γö£ ╞Æ /api/auth/resend-verification          230 B         103 kB
Γö£ ╞Æ /api/auth/reset-password               230 B         103 kB
Γö£ ╞Æ /api/auth/signup                       230 B         103 kB
Γö£ ╞Æ /api/auth/verify-email                 230 B         103 kB
Γö£ ╞Æ /api/bookings                          230 B         103 kB
Γö£ ╞Æ /api/bookings/[id]                     230 B         103 kB
Γö£ ╞Æ /api/contact                           230 B         103 kB
Γö£ ╞Æ /api/conversations                     230 B         103 kB
Γö£ ╞Æ /api/conversations/[id]                230 B         103 kB
Γö£ ╞Æ /api/cron/cancel-abandoned-payments    230 B         103 kB
Γö£ ╞Æ /api/cron/check-price-alerts           230 B         103 kB
Γö£ ╞Æ /api/cron/mark-completed-stays         230 B         103 kB
Γö£ ╞Æ /api/hostels                           230 B         103 kB
Γö£ ╞Æ /api/hostels/[param]                   230 B         103 kB
Γö£ ╞Æ /api/hostels/[param]/availability      230 B         103 kB
Γö£ ╞Æ /api/hostels/[param]/favorite          230 B         103 kB
Γö£ ╞Æ /api/hostels/[param]/view              230 B         103 kB
Γö£ ╞Æ /api/notifications                     230 B         103 kB
Γö£ ╞Æ /api/notifications/[id]                230 B         103 kB
Γö£ ╞Æ /api/payment/callback                  230 B         103 kB
Γö£ ╞Æ /api/payment/initiate                  230 B         103 kB
Γö£ ╞Æ /api/payment/webhook                   230 B         103 kB
Γö£ ╞Æ /api/price-alerts                      230 B         103 kB
Γö£ ╞Æ /api/price-alerts/[id]                 230 B         103 kB
Γö£ ╞Æ /api/profile                           230 B         103 kB
Γö£ ╞Æ /api/profile/change-password           230 B         103 kB
Γö£ ╞Æ /api/report                            230 B         103 kB
Γö£ ╞Æ /api/reviews                           230 B         103 kB
Γö£ ╞Æ /api/reviews/[id]                      230 B         103 kB
Γö£ ╞Æ /api/reviews/[id]/reply                230 B         103 kB
Γö£ ╞Æ /api/upload                            230 B         103 kB
Γö£ Γùï /checkout                            3.74 kB         106 kB
Γö£ ╞Æ /dashboard                             918 B         107 kB
Γö£ ╞Æ /dashboard/analytics                  1.8 kB         104 kB
Γö£ ╞Æ /dashboard/bookings                  1.18 kB         107 kB
Γö£ ╞Æ /dashboard/bookings/[id]             1.94 kB         110 kB
Γö£ ╞Æ /dashboard/listings                    591 B         106 kB
Γö£ ╞Æ /dashboard/listings/[id]               128 B         106 kB
Γö£ ╞Æ /dashboard/listings/[id]/settings    2.49 kB         105 kB
Γö£ ╞Æ /dashboard/listings/new                128 B         106 kB
Γö£ ╞Æ /dashboard/messages                    442 B         106 kB
Γö£ ╞Æ /dashboard/messages/[id]             2.06 kB         110 kB
Γö£ Γùï /forgot-password                     1.71 kB         107 kB
Γö£ ╞Æ /hostels/[id]                        3.62 kB         106 kB
Γö£ Γùï /login                               1.54 kB         110 kB
Γö£ Γùï /reset-password                      1.99 kB         108 kB
Γö£ Γùï /robots.txt                            230 B         103 kB
Γö£ Γùï /search                               4.3 kB         110 kB
Γö£ Γùï /signup                              2.18 kB         108 kB
Γöö Γùï /sitemap.xml                           230 B         103 kB          1h      1y
+ First Load JS shared by all             102 kB
  Γö£ chunks/1255-5fe68596fe147850.js        46 kB
  Γö£ chunks/4bd1b696-f785427dddbba9fb.js  54.2 kB
  Γöö other shared chunks (total)          2.13 kB


╞Æ Middleware                              129 kB

Γùï  (Static)   prerendered as static content
╞Æ  (Dynamic)  server-rendered on demand


> hostello@0.1.0 postbuild
> node scripts/patch-routes-manifest.mjs

